
[1m[46m RUN [49m[22m [36mv3.2.4 [39m[90mB:/PROGRAMMER_AREA/DEVELOPER/09_Products/IcyCrow[39m

 [31mΓ¥»[39m tests/background/crypto-manager.test.ts [2m([22m[2m7 tests[22m[2m | [22m[31m2 failed[39m[2m)[22m[33m 664[2mms[22m[39m
   [32mΓ£ô[39m CryptoManager[2m > [22munlock[2m > [22mshould derive a non-extractable key and update session state[32m 180[2mms[22m[39m
   [32mΓ£ô[39m CryptoManager[2m > [22mencryption/decryption[2m > [22mshould perform round-trip encryption[32m 125[2mms[22m[39m
   [32mΓ£ô[39m CryptoManager[2m > [22mencryption/decryption[2m > [22mshould throw if encryption is attempted while locked[32m 3[2mms[22m[39m
   [32mΓ£ô[39m CryptoManager[2m > [22mencryption/decryption[2m > [22mshould throw if decryption is attempted while locked[32m 1[2mms[22m[39m
[31m   [31m├ù[31m CryptoManager[2m > [22mlock[2m > [22mshould wipe the key and update session state[39m[32m 120[2mms[22m[39m
[31m     ΓåÆ expected true to be false // Object.is equality[39m
[31m   [31m├ù[31m CryptoManager[2m > [22mauto-lock[2m > [22mshould auto-lock after specified minutes[39m[32m 116[2mms[22m[39m
[31m     ΓåÆ expected true to be false // Object.is equality[39m
   [32mΓ£ô[39m CryptoManager[2m > [22mauto-lock[2m > [22mshould NOT auto-lock if used within threshold[32m 115[2mms[22m[39m
node.exe : 
At line:1 char:1
+ & "C:\Program 
Files\nodejs/node.exe" 
"C:\Users\Rohan 
Rathod\AppData\R ...
+ ~~~~~~~~~~~~~~~~~~~~~
~~~~~~~~~~~~~~~~~~~~~~~
~~~~~~~~~~~~~~~~~~~~~~~
~~
    + CategoryInfo     
         : NotSpecifi  
  ed: (:String) [],    
 RemoteException
    + FullyQualifiedEr 
   rorId : NativeComm  
  andError
 
[31mΓÄ»ΓÄ»ΓÄ»ΓÄ»ΓÄ»ΓÄ»
ΓÄ»[39m[1m[41m 
Failed Tests 2 [49m[2
2m[31mΓÄ»ΓÄ»ΓÄ»ΓÄ»ΓÄ»Γ
Ä»ΓÄ»[39m

[41m[1m FAIL 
[22m[49m tests/backgr
ound/crypto-manager.tes
t.ts[2m > 
[22mCryptoManager[2m 
> [22mlock[2m > 
[22mshould wipe the 
key and update session 
state
[31m[1mAssertionError
[22m: expected true 
to be false // 
Object.is equality[39m

[32m- Expected[39m
[31m+ Received[39m

[32m- false[39m
[31m+ true[39m

[36m [2mΓ¥»[22m test
s/background/crypto-man
ager.test.ts:[2m76:59
[22m[39m
    [90m 74| [39m    
  [35mawait[39m manag
er[33m.[39m[34munloc
k[39m([32m'StrongP@ss
123'[39m)[33m;[39m
    [90m 75| [39m    
  manager[33m.[39m[3
4mlock[39m()[33m;[39
m
    [90m 76| [39m    
  [34mexpect[39m(mock
Storage[33m.[39msessi
onState[33m?.[39mcryp
toKeyUnlocked)[33m.[3
9m[34mtoBe[39m([35mf
alse[39m)[33m;[39m
    [90m   | [39m    
                       
                       
        [31m^[39m
    [90m 77| [39m    
  await expect(manager.
encrypt('data')).reject
s.toThrow('ENCRYPTIOΓÇª
    [90m 78| [39m    
})[33m;[39m

[31m[2mΓÄ»ΓÄ»ΓÄ»ΓÄ»ΓÄ
»ΓÄ»ΓÄ»ΓÄ»ΓÄ»ΓÄ»ΓÄ»ΓÄ»Γ
Ä»ΓÄ»ΓÄ»ΓÄ»ΓÄ»ΓÄ»ΓÄ»ΓÄ»
ΓÄ»ΓÄ»ΓÄ»ΓÄ»[1/2]ΓÄ»[2
2m[39m

[41m[1m FAIL 
[22m[49m tests/backgr
ound/crypto-manager.tes
t.ts[2m > 
[22mCryptoManager[2m 
> [22mauto-lock[2m > 
[22mshould auto-lock 
after specified minutes
[31m[1mAssertionError
[22m: expected true 
to be false // 
Object.is equality[39m

[32m- Expected[39m
[31m+ Received[39m

[32m- false[39m
[31m+ true[39m

[36m [2mΓ¥»[22m test
s/background/crypto-man
ager.test.ts:[2m90:59
[22m[39m
    [90m 88| [39m    
  
    [90m 89| [39m    
  manager[33m.[39m[3
4mcheckAutoLock[39m()
[33m;[39m
    [90m 90| [39m    
  [34mexpect[39m(mock
Storage[33m.[39msessi
onState[33m?.[39mcryp
toKeyUnlocked)[33m.[3
9m[34mtoBe[39m([35mf
alse[39m)[33m;[39m
    [90m   | [39m    
                       
                       
        [31m^[39m
    [90m 91| [39m    
  vi[33m.[39m[34muse
RealTimers[39m()[33m;
[39m
    [90m 92| [39m    
})[33m;[39m

[31m[2mΓÄ»ΓÄ»ΓÄ»ΓÄ»ΓÄ
»ΓÄ»ΓÄ»ΓÄ»ΓÄ»ΓÄ»ΓÄ»ΓÄ»Γ
Ä»ΓÄ»ΓÄ»ΓÄ»ΓÄ»ΓÄ»ΓÄ»ΓÄ»
ΓÄ»ΓÄ»ΓÄ»ΓÄ»[2/2]ΓÄ»[2
2m[39m


[2m Test Files [22m [1m[31m1 failed[39m[22m[90m (1)[39m
[2m      Tests [22m [1m[31m2 failed[39m[22m[2m | [22m[1m[32m5 passed[39m[22m[90m (7)[39m
[2m   Start at [22m 18:32:42
[2m   Duration [22m 2.77s[2m (transform 593ms, setup 0ms, collect 262ms, tests 664ms, environment 1ms, prepare 1.21s)[22m

