src/workspace/components/AnnotationSidebar.test.tsx(2,32): error TS6133: 'vi' is declared but its value is never read.
src/workspace/components/AnnotationSidebar.test.tsx(20,24): error TS6133: 'getAllByText' is declared but its value is never read.
src/workspace/components/AnnotationSidebar.tsx(2,91): error TS6133: 'persistAnnotations' is declared but its value is never read.
src/workspace/components/CalloutBox.tsx(37,7): error TS2554: Expected 2 arguments, but got 1.
src/workspace/components/StickyNote.tsx(38,7): error TS2554: Expected 2 arguments, but got 1.
src/workspace/components/ToolbarManager.test.tsx(2,32): error TS6133: 'vi' is declared but its value is never read.
